../Core/Src/main.c:88:5:main	8	static
../Core/Src/main.c:137:6:SystemClock_Config	88	static
../Core/Src/main.c:179:13:MX_ADC1_Init	32	static
../Core/Src/main.c:236:13:MX_USART1_UART_Init	8	static
../Core/Src/main.c:269:13:MX_USART2_UART_Init	8	static
../Core/Src/main.c:302:13:MX_USART6_UART_Init	8	static
../Core/Src/main.c:335:13:MX_GPIO_Init	16	static
../Core/Src/main.c:349:6:Read_Pressure_Data	16	static
../Core/Src/main.c:358:6:Parse_IMU_Data	64	static
../Core/Src/main.c:391:5:Get_IMU_Data	40	static
../Core/Src/main.c:414:6:Read_All_IMU_Data	16	static
../Core/Src/main.c:436:6:Error_Handler	4	static,ignoring_inline_asm
